{
    "-profile test": {
        "content": [
            {
                "QUARTONOTEBOOK": {
                    "papermill": "2.6.0",
                    "quarto": "1.7.31"
                },
                "Workflow": {
                    "nf-core/provenancereport": "v1.0.0dev"
                }
            },
            [
                "pipeline_info",
                "pipeline_info/nf_core_provenancereport_software_versions.yml",
                "quartonotebook",
                "quartonotebook/artifacts",
                "quartonotebook/artifacts/provenance_report_input_files.tsv",
                "quartonotebook/artifacts/provenance_report_summary.txt",
                "quartonotebook/provenance_report.html",
                "quartonotebook/provenance_report.qmd"
            ],
            [
                "provenance_report_input_files.tsv:md5,1458dc07273f8a570beae2b5f4358a49",
                "provenance_report_summary.txt:md5,b32c187edd9b5ec9c088a0d2a41ff01d",
                "provenance_report.html:md5,2f1021106f9a79e795c47eed130fd3f0",
                "provenance_report.qmd:md5,151f343c31ac78612da7231aa92c506e"
            ]
        ],
        "timestamp": "2026-06-25T13:41:20.981166526",
        "meta": {
            "nf-test": "0.9.5",
            "nextflow": "26.04.0"
        }
    }
}