{
    "-profile test with custom notebook": {
        "content": [
            {
                "QUARTONOTEBOOK": {
                    "papermill": "2.6.0",
                    "quarto": "1.7.31"
                },
                "Workflow": {
                    "nf-core/provenancereport": "v1.0.0dev"
                }
            },
            [
                "README.md:md5,c4b54282b5fcdf230c7cf6da2ea572e2",
                "main.nf:md5,f8cc1568cd9c0105fb6cb26f6be01afd",
                "multiqc",
                "multiqc/multiqc_data",
                "multiqc/multiqc_data/llms-full.txt",
                "multiqc/multiqc_data/multiqc.log",
                "multiqc/multiqc_data/multiqc.parquet",
                "multiqc/multiqc_data/multiqc_citations.txt",
                "multiqc/multiqc_data/multiqc_data.json",
                "multiqc/multiqc_data/multiqc_input_samplesheet.txt",
                "multiqc/multiqc_data/multiqc_software_versions.txt",
                "multiqc/multiqc_data/multiqc_sources.txt",
                "multiqc/multiqc_report.html",
                "nextflow.config:md5,01c61aa50f2f38968d898ef079b9fa79",
                "nextflow_schema.json:md5,912efe2fd85ea0b784d582102f2cf70d",
                "pipeline_info",
                "pipeline_info/nf_core_provenancereport_software_mqc_versions.yml",
                "quartonotebook",
                "quartonotebook/artifacts",
                "quartonotebook/artifacts/artifact.txt",
                "quartonotebook/quarto_r.html",
                "quartonotebook/quarto_r.qmd",
                "samplesheet_quartonotebook.csv"
            ],
            [
                "README.md:md5,c4b54282b5fcdf230c7cf6da2ea572e2",
                "main.nf:md5,f8cc1568cd9c0105fb6cb26f6be01afd",
                "nextflow_schema.json:md5,912efe2fd85ea0b784d582102f2cf70d",
                "artifact.txt:md5,b10a8db164e0754105b7a99be72e3fe5",
                "quarto_r.qmd:md5,b3fa8b456efae62495c0b278a4f7694c",
                "samplesheet_quartonotebook.csv:md5,33cd9804d52f8ff96e2244df29e5cd2a"
            ]
        ],
        "timestamp": "2026-08-12T14:56:09.837041065",
        "meta": {
            "nf-test": "0.9.5",
            "nextflow": "25.10.4"
        }
    }
}