{
    "-profile test with external RDS input": {
        "content": [
            {
                "QUARTONOTEBOOK": {
                    "papermill": "2.6.0",
                    "quarto": "1.7.31"
                },
                "Workflow": {
                    "nf-core/provenancereport": "v1.0.0dev"
                }
            }
        ],
        "timestamp": "2026-08-19T21:05:04.309583871",
        "meta": {
            "nf-test": "0.9.5",
            "nextflow": "25.10.4"
        }
    }
}