{
    "-profile test with external RDS input": {
        "content": [
            {
                "QUARTONOTEBOOK": {
                    "quarto": "1.9.38"
                },
                "Workflow": {
                    "nf-core/provenancereport": "v1.0.0dev"
                }
            }
        ],
        "timestamp": "2026-08-19T21:45:51.610646178",
        "meta": {
            "nf-test": "0.9.5",
            "nextflow": "26.04.1"
        }
    }
}