{
    "collect report runtime environment": {
        "content": [
            {
                "0": [
                    "runtime_environment_mqc.tsv:md5,50ed3ada68d555dbed796fd06af1a871"
                ],
                "1": [
                    "r_session_info_mqc.yaml:md5,e1d7516d5b386983fbf9be0cb80c4a3d"
                ],
                "multiqc_r_session": [
                    "r_session_info_mqc.yaml:md5,e1d7516d5b386983fbf9be0cb80c4a3d"
                ],
                "multiqc_table": [
                    "runtime_environment_mqc.tsv:md5,50ed3ada68d555dbed796fd06af1a871"
                ]
            }
        ],
        "timestamp": "2026-08-26T16:59:09.3428377",
        "meta": {
            "nf-test": "0.9.5",
            "nextflow": "26.04.0"
        }
    }
}